<?xml version="1.0" encoding="UTF-8"?>
<testsuites name="jest tests" tests="3" failures="0" errors="0" time="15.151">
  <testsuite name="undefined" errors="0" failures="0" skipped="0" timestamp="2023-10-16T04:17:56" time="5.331" tests="1">
    <testcase classname=" CheckboxWithLabel changes the text after click" name=" CheckboxWithLabel changes the text after click" time="0.083">
    </testcase>
  </testsuite>
  <testsuite name="undefined" errors="0" failures="0" skipped="0" timestamp="2023-10-16T04:18:01" time="1.896" tests="1">
    <testcase classname=" changes the class when hovered" name=" changes the class when hovered" time="0.026">
    </testcase>
  </testsuite>
  <testsuite name="MyMap Component test cases" errors="0" failures="0" skipped="0" timestamp="2023-10-16T04:17:56" time="11.83" tests="1">
    <testcase classname="MyMap Component test cases renders map component" name="MyMap Component test cases renders map component" time="0.485">
    </testcase>
  </testsuite>
</testsuites>